// Vitest Snapshot v1, https://vitest.dev/guide/snapshot.html

exports[`MyAwesomeApp > should match snapshot 1`] = `
<div>
  <h1
    data-testid="first-name-title"
  >
    Federico
  </h1>
  <h3>
    Galup
  </h3>
</div>
`;
